{
  "UUID": "b622d028-b423-4a7e-92d9-6fe07b4b80be",
  "Title": "Sommarporträttet: radioprofilen",
  "Meta": {
    "Date": "2023-07-27T00:00:00Z",
    "Publish": "2023-07-27T15:00:00+02:00",
    "PublishSlot": 12,
    "Public": true,
    "Tentative": false,
    "Urgency": 2
  },
  "InternalDescription": {
    "Role": "internal",
    "Text": "Vad: Vi träffar radioprofilen (och numera även tv-profilen) för en intervju i vår serie sommarporträtt.\nVar: Lilla caféet på Söder, Ringvägen 131.\nKontakt till profilen: 070/XXXXXYY."
  },
  "PublicDescription": {
    "Role": "public",
    "Text": "Hennes jobb är att vara \"en personlighet på plats\" – klockan 06.00. Beskrivs som en av landets roligaste, hon sänder direkt i P3 och vill gärna vara på gränsen. Vi har intervjuat henne."
  },
  "Assignments": [
    {
      "Starts": "2023-07-25T00:00:00+02:00",
      "Ends": "2023-07-25T23:59:59+02:00",
      "Status": "done",
      "FullDay": true,
      "Kind": [
        {
          "Value": "text"
        }
      ],
      "Assignees": [
        {
          "UUID": "84ec9855-32b5-451c-a0e4-c91968fd5328"
        },
        {
          "UUID": "74fd578d-6a7b-4e83-ab4f-c0006c268838"
        },
        {
          "UUID": "9c26ee5e-4391-45dc-996d-06cd7f37bd93"
        }
      ]
    },
    {
      "Starts": "2023-07-25T11:30:00+02:00",
      "Ends": "2023-07-25T13:30:00+02:00",
      "Status": "done",
      "FullDay": false,
      "Kind": [
        {
          "Value": "photo"
        }
      ],
      "Assignees": [
        {
          "UUID": "94d0e6be-38c4-4485-ae19-1d6f779648dc"
        }
      ]
    }
  ],
  "Deliverables": [
    {
      "UUID": "7c5f41f6-c515-4cf4-aab9-42c660616f61",
      "Type": "core/article"
    },
    {
      "UUID": "e1611bc7-c663-4428-8111-c90717483670",
      "Type": "core/facts"
    }
  ]
}
